SUMMARY OF C0NVERGENCE INFORMATION
  STEP   INC  ATT   ITER     CONT.   RESID.        CORR.      RESID.      CORR.
                              EL.    FORCE         DISP       FLUX        TEMP.
                              (#)     (%)           (%)        (%)         (%)
     1     1     1     1        0  0.1719E+03  0.1000E+03  0.0000E+00  0.0000E+00
     1     1     1     2        0  0.0000E+00  0.1065E+00  0.0000E+00  0.0000E+00
     1     2     1     1        0  0.0000E+00  0.2128E+00  0.0000E+00  0.0000E+00
     1     2     1     2        0  0.0000E+00  0.7525E-04  0.0000E+00  0.0000E+00
     1     3     1     1        0  0.0000E+00  0.2658E+00  0.0000E+00  0.0000E+00
     1     3     1     2        0  0.0000E+00  0.1780E-03  0.0000E+00  0.0000E+00
     1     4     1     1        0  0.5940E-02  0.3983E+00  0.0000E+00  0.0000E+00
     1     4     1     2        0  0.0000E+00  0.6071E-03  0.0000E+00  0.0000E+00
     1     5     1     1        0  0.8736E-02  0.5039E+00  0.0000E+00  0.0000E+00
     1     5     1     2        0  0.0000E+00  0.1103E-02  0.0000E+00  0.0000E+00
     1     6     1     1        0  0.7588E-02  0.5295E+00  0.0000E+00  0.0000E+00
     1     6     1     2        0  0.0000E+00  0.1254E-02  0.0000E+00  0.0000E+00
     1     7     1     1        0  0.6201E-02  0.5286E+00  0.0000E+00  0.0000E+00
     1     7     1     2        0  0.0000E+00  0.1289E-02  0.0000E+00  0.0000E+00
     1     8     1     1        0  0.5221E-02  0.5277E+00  0.0000E+00  0.0000E+00
     1     8     1     2        0  0.0000E+00  0.1324E-02  0.0000E+00  0.0000E+00
     1     9     1     1        0  0.4496E-02  0.5267E+00  0.0000E+00  0.0000E+00
     1     9     1     2        0  0.0000E+00  0.1358E-02  0.0000E+00  0.0000E+00
     1    10     1     1        0  0.3939E-02  0.5257E+00  0.0000E+00  0.0000E+00
     1    10     1     2        0  0.0000E+00  0.1391E-02  0.0000E+00  0.0000E+00
     1    11     1     1        0  0.3500E-02  0.5246E+00  0.0000E+00  0.0000E+00
     1    11     1     2        0  0.0000E+00  0.1424E-02  0.0000E+00  0.0000E+00
     1    12     1     1        0  0.3145E-02  0.5235E+00  0.0000E+00  0.0000E+00
     1    12     1     2        0  0.0000E+00  0.1456E-02  0.0000E+00  0.0000E+00
     1    13     1     1        0  0.2852E-02  0.5223E+00  0.0000E+00  0.0000E+00
     1    13     1     2        0  0.0000E+00  0.1487E-02  0.0000E+00  0.0000E+00
     1    14     1     1        0  0.2607E-02  0.5211E+00  0.0000E+00  0.0000E+00
     1    14     1     2        0  0.0000E+00  0.1518E-02  0.0000E+00  0.0000E+00
     1    15     1     1        0  0.2398E-02  0.5198E+00  0.0000E+00  0.0000E+00
     1    15     1     2        0  0.0000E+00  0.1548E-02  0.0000E+00  0.0000E+00
     1    16     1     1        0  0.2218E-02  0.5185E+00  0.0000E+00  0.0000E+00
     1    16     1     2        0  0.0000E+00  0.1578E-02  0.0000E+00  0.0000E+00
     1    17     1     1        0  0.2062E-02  0.5172E+00  0.0000E+00  0.0000E+00
     1    17     1     2        0  0.0000E+00  0.1607E-02  0.0000E+00  0.0000E+00
     1    18     1     1        0  0.1925E-02  0.5158E+00  0.0000E+00  0.0000E+00
     1    18     1     2        0  0.0000E+00  0.1635E-02  0.0000E+00  0.0000E+00
     1    19     1     1        0  0.1803E-02  0.5144E+00  0.0000E+00  0.0000E+00
     1    19     1     2        0  0.0000E+00  0.1663E-02  0.0000E+00  0.0000E+00
     1    20     1     1        0  0.1695E-02  0.5129E+00  0.0000E+00  0.0000E+00
     1    20     1     2        0  0.0000E+00  0.1690E-02  0.0000E+00  0.0000E+00
     1    21     1     1        0  0.1598E-02  0.5114E+00  0.0000E+00  0.0000E+00
     1    21     1     2        0  0.0000E+00  0.1716E-02  0.0000E+00  0.0000E+00
     1    22     1     1        0  0.5361E-03  0.4336E+00  0.0000E+00  0.0000E+00
     1    22     1     2        0  0.0000E+00  0.8860E-03  0.0000E+00  0.0000E+00
