SUMMARY OF JOB INFORMATION
  STEP      INC     ATT  ITRS     TOT TIME     STEP TIME      INC TIME
     1          1     1     2  0.200000E-01  0.200000E-01  0.200000E-01
     1          2     1     2  0.400000E-01  0.400000E-01  0.200000E-01
     1          3     1     2  0.700000E-01  0.700000E-01  0.300000E-01
     1          4     1     2  0.115000E+00  0.115000E+00  0.450000E-01
     1          5     1     2  0.165000E+00  0.165000E+00  0.500000E-01
     1          6     1     2  0.215000E+00  0.215000E+00  0.500000E-01
     1          7     1     2  0.265000E+00  0.265000E+00  0.500000E-01
     1          8     1     2  0.315000E+00  0.315000E+00  0.500000E-01
     1          9     1     2  0.365000E+00  0.365000E+00  0.500000E-01
     1         10     1     2  0.415000E+00  0.415000E+00  0.500000E-01
     1         11     1     2  0.465000E+00  0.465000E+00  0.500000E-01
     1         12     1     2  0.515000E+00  0.515000E+00  0.500000E-01
     1         13     1     2  0.565000E+00  0.565000E+00  0.500000E-01
     1         14     1     2  0.615000E+00  0.615000E+00  0.500000E-01
     1         15     1     2  0.665000E+00  0.665000E+00  0.500000E-01
     1         16     1     2  0.715000E+00  0.715000E+00  0.500000E-01
     1         17     1     2  0.765000E+00  0.765000E+00  0.500000E-01
     1         18     1     2  0.815000E+00  0.815000E+00  0.500000E-01
     1         19     1     2  0.865000E+00  0.865000E+00  0.500000E-01
     1         20     1     2  0.915000E+00  0.915000E+00  0.500000E-01
     1         21     1     2  0.965000E+00  0.965000E+00  0.500000E-01
     1         22     1     2  0.100000E+01  0.100000E+01  0.350000E-01
